// Bun Snapshot v1, https://bun.sh/docs/test/snapshots

exports[`WorkspaceApp matches the 80x24 dual-surface split snapshot 1`] = `
" ◈ TermLoom                     Files  Terminal            ☰ Hosts  F1 Help  ⚙ 
 ENDPOINTS       ↻  +  ⋯  ‹ │ LOCAL  This Mac      ◆ ON MAC   ‹  1 / 1  ›  +  × 
Filter SSH hosts…            ╭─Files─────────────╮ ╭─Remote files──────────────╮
▌ LOCAL  This Mac            │fixture:files:Files│ │fixture:files:Remote files │
                             │                   │ │                           │
                             │                   │ │                           │
                             │                   │ │                           │
                             │                   │ │                           │
                             │                   │ │                           │
                             │                   │ │                           │
                             │                   │ │                           │
                             │                   │ │                           │
                             │                   │ │                           │
                             │                   │ │                           │
                             │                   │ │                           │
                             │                   │ │                           │
                             │                   │ │                           │
                             │                   │ │                           │
                             │                   │ │                           │
                             │                   │ │                           │
                             │                   │ │                           │
                             │                   │ │                           │
 1 LOCAL · 0 SSH             ╰───────────────────╯ ╰───────────────────────────╯
 F1 Help                                                                        
"
`;

exports[`WorkspaceApp matches the 120x40 dual-surface split snapshot 1`] = `
" ◈ TermLoom                                         Files  Terminal                                ☰ Hosts  F1 Help  ⚙ 
 ENDPOINTS       ↻  +  ⋯  ‹ │ LOCAL  This Mac                                              ◆ ON MAC   ‹  1 / 1  ›  +  × 
Filter SSH hosts…            ╭─Files──────────────────────────────╮ ╭─Remote files─────────────────────────────────────╮
▌ LOCAL  This Mac            │fixture:files:Files                 │ │fixture:files:Remote files                        │
                             │                                    │ │                                                  │
                             │                                    │ │                                                  │
                             │                                    │ │                                                  │
                             │                                    │ │                                                  │
                             │                                    │ │                                                  │
                             │                                    │ │                                                  │
                             │                                    │ │                                                  │
                             │                                    │ │                                                  │
                             │                                    │ │                                                  │
                             │                                    │ │                                                  │
                             │                                    │ │                                                  │
                             │                                    │ │                                                  │
                             │                                    │ │                                                  │
                             │                                    │ │                                                  │
                             │                                    │ │                                                  │
                             │                                    │ │                                                  │
                             │                                    │ │                                                  │
                             │                                    │ │                                                  │
                             │                                    │ │                                                  │
                             │                                    │ │                                                  │
                             │                                    │ │                                                  │
                             │                                    │ │                                                  │
                             │                                    │ │                                                  │
                             │                                    │ │                                                  │
                             │                                    │ │                                                  │
                             │                                    │ │                                                  │
                             │                                    │ │                                                  │
                             │                                    │ │                                                  │
                             │                                    │ │                                                  │
                             │                                    │ │                                                  │
                             │                                    │ │                                                  │
                             │                                    │ │                                                  │
                             │                                    │ │                                                  │
                             │                                    │ │                                                  │
 1 LOCAL · 0 SSH             ╰────────────────────────────────────╯ ╰──────────────────────────────────────────────────╯
 F1 Help                                                                                                                
"
`;

exports[`WorkspaceApp matches the 200x60 dual-surface split snapshot 1`] = `
" ◈ TermLoom                                                                                 Files  Terminal                                                                        ☰ Hosts  F1 Help  ⚙ 
 ENDPOINTS       ↻  +  ⋯  ‹ │ LOCAL  This Mac                                                                                                                              ◆ ON MAC   ‹  1 / 1  ›  +  × 
Filter SSH hosts…            ╭─Files────────────────────────────────────────────────────────────────╮ ╭─Remote files───────────────────────────────────────────────────────────────────────────────────╮
▌ LOCAL  This Mac            │fixture:files:Files                                                   │ │fixture:files:Remote files                                                                      │
                             │                                                                      │ │                                                                                                │
                             │                                                                      │ │                                                                                                │
                             │                                                                      │ │                                                                                                │
                             │                                                                      │ │                                                                                                │
                             │                                                                      │ │                                                                                                │
                             │                                                                      │ │                                                                                                │
                             │                                                                      │ │                                                                                                │
                             │                                                                      │ │                                                                                                │
                             │                                                                      │ │                                                                                                │
                             │                                                                      │ │                                                                                                │
                             │                                                                      │ │                                                                                                │
                             │                                                                      │ │                                                                                                │
                             │                                                                      │ │                                                                                                │
                             │                                                                      │ │                                                                                                │
                             │                                                                      │ │                                                                                                │
                             │                                                                      │ │                                                                                                │
                             │                                                                      │ │                                                                                                │
                             │                                                                      │ │                                                                                                │
                             │                                                                      │ │                                                                                                │
                             │                                                                      │ │                                                                                                │
                             │                                                                      │ │                                                                                                │
                             │                                                                      │ │                                                                                                │
                             │                                                                      │ │                                                                                                │
                             │                                                                      │ │                                                                                                │
                             │                                                                      │ │                                                                                                │
                             │                                                                      │ │                                                                                                │
                             │                                                                      │ │                                                                                                │
                             │                                                                      │ │                                                                                                │
                             │                                                                      │ │                                                                                                │
                             │                                                                      │ │                                                                                                │
                             │                                                                      │ │                                                                                                │
                             │                                                                      │ │                                                                                                │
                             │                                                                      │ │                                                                                                │
                             │                                                                      │ │                                                                                                │
                             │                                                                      │ │                                                                                                │
                             │                                                                      │ │                                                                                                │
                             │                                                                      │ │                                                                                                │
                             │                                                                      │ │                                                                                                │
                             │                                                                      │ │                                                                                                │
                             │                                                                      │ │                                                                                                │
                             │                                                                      │ │                                                                                                │
                             │                                                                      │ │                                                                                                │
                             │                                                                      │ │                                                                                                │
                             │                                                                      │ │                                                                                                │
                             │                                                                      │ │                                                                                                │
                             │                                                                      │ │                                                                                                │
                             │                                                                      │ │                                                                                                │
                             │                                                                      │ │                                                                                                │
                             │                                                                      │ │                                                                                                │
                             │                                                                      │ │                                                                                                │
                             │                                                                      │ │                                                                                                │
                             │                                                                      │ │                                                                                                │
                             │                                                                      │ │                                                                                                │
                             │                                                                      │ │                                                                                                │
 1 LOCAL · 0 SSH             ╰──────────────────────────────────────────────────────────────────────╯ ╰────────────────────────────────────────────────────────────────────────────────────────────────╯
 F1 Help                                                                                                                                                                                                
"
`;
