// Bun Snapshot v1, https://bun.sh/docs/test/snapshots

exports[`WorkspaceApp matches the 80x24 dual-surface split snapshot 1`] = `
" ◈ TermLoom                     Files  Terminal            ☰ Hosts  F1 Help  ⚙ 
                 ↻  +  ⋯  ‹ │  Local                                       +  × 
Search SSH hosts…            ╭─Files─────────────╮ ╭─Remote files──────────────╮
 ▶ ● Local                   │fixture:files:Files│ │fixture:files:Remote files │
   This Mac                  │                   │ │                           │
                             │                   │ │                           │
                             │                   │ │                           │
                             │                   │ │                           │
                             │                   │ │                           │
                             │                   │ │                           │
                             │                   │ │                           │
                             │                   │ │                           │
                             │                   │ │                           │
                             │                   │ │                           │
                             │                   │ │                           │
                             │                   │ │                           │
                             │                   │ │                           │
                             │                   │ │                           │
                             │                   │ │                           │
                             │                   │ │                           │
                             │                   │ │                           │
                             │                   │ │                           │
 Local · 0 SSH hosts         ╰───────────────────╯ ╰───────────────────────────╯
 F1 Help                                                                        
"
`;

exports[`WorkspaceApp matches the 120x40 dual-surface split snapshot 1`] = `
" ◈ TermLoom                                         Files  Terminal                                ☰ Hosts  F1 Help  ⚙ 
                 ↻  +  ⋯  ‹ │  Local                                                                               +  × 
Search SSH hosts…            ╭─Files──────────────────────────────╮ ╭─Remote files─────────────────────────────────────╮
 ▶ ● Local                   │fixture:files:Files                 │ │fixture:files:Remote files                        │
   This Mac                  │                                    │ │                                                  │
                             │                                    │ │                                                  │
                             │                                    │ │                                                  │
                             │                                    │ │                                                  │
                             │                                    │ │                                                  │
                             │                                    │ │                                                  │
                             │                                    │ │                                                  │
                             │                                    │ │                                                  │
                             │                                    │ │                                                  │
                             │                                    │ │                                                  │
                             │                                    │ │                                                  │
                             │                                    │ │                                                  │
                             │                                    │ │                                                  │
                             │                                    │ │                                                  │
                             │                                    │ │                                                  │
                             │                                    │ │                                                  │
                             │                                    │ │                                                  │
                             │                                    │ │                                                  │
                             │                                    │ │                                                  │
                             │                                    │ │                                                  │
                             │                                    │ │                                                  │
                             │                                    │ │                                                  │
                             │                                    │ │                                                  │
                             │                                    │ │                                                  │
                             │                                    │ │                                                  │
                             │                                    │ │                                                  │
                             │                                    │ │                                                  │
                             │                                    │ │                                                  │
                             │                                    │ │                                                  │
                             │                                    │ │                                                  │
                             │                                    │ │                                                  │
                             │                                    │ │                                                  │
                             │                                    │ │                                                  │
                             │                                    │ │                                                  │
 Local · 0 SSH hosts         ╰────────────────────────────────────╯ ╰──────────────────────────────────────────────────╯
 F1 Help                                                                                                                
"
`;

exports[`WorkspaceApp matches the 200x60 dual-surface split snapshot 1`] = `
" ◈ TermLoom                                                                                 Files  Terminal                                                                        ☰ Hosts  F1 Help  ⚙ 
                 ↻  +  ⋯  ‹ │  Local                                                                                                                                                               +  × 
Search SSH hosts…            ╭─Files────────────────────────────────────────────────────────────────╮ ╭─Remote files───────────────────────────────────────────────────────────────────────────────────╮
 ▶ ● Local                   │fixture:files:Files                                                   │ │fixture:files:Remote files                                                                      │
   This Mac                  │                                                                      │ │                                                                                                │
                             │                                                                      │ │                                                                                                │
                             │                                                                      │ │                                                                                                │
                             │                                                                      │ │                                                                                                │
                             │                                                                      │ │                                                                                                │
                             │                                                                      │ │                                                                                                │
                             │                                                                      │ │                                                                                                │
                             │                                                                      │ │                                                                                                │
                             │                                                                      │ │                                                                                                │
                             │                                                                      │ │                                                                                                │
                             │                                                                      │ │                                                                                                │
                             │                                                                      │ │                                                                                                │
                             │                                                                      │ │                                                                                                │
                             │                                                                      │ │                                                                                                │
                             │                                                                      │ │                                                                                                │
                             │                                                                      │ │                                                                                                │
                             │                                                                      │ │                                                                                                │
                             │                                                                      │ │                                                                                                │
                             │                                                                      │ │                                                                                                │
                             │                                                                      │ │                                                                                                │
                             │                                                                      │ │                                                                                                │
                             │                                                                      │ │                                                                                                │
                             │                                                                      │ │                                                                                                │
                             │                                                                      │ │                                                                                                │
                             │                                                                      │ │                                                                                                │
                             │                                                                      │ │                                                                                                │
                             │                                                                      │ │                                                                                                │
                             │                                                                      │ │                                                                                                │
                             │                                                                      │ │                                                                                                │
                             │                                                                      │ │                                                                                                │
                             │                                                                      │ │                                                                                                │
                             │                                                                      │ │                                                                                                │
                             │                                                                      │ │                                                                                                │
                             │                                                                      │ │                                                                                                │
                             │                                                                      │ │                                                                                                │
                             │                                                                      │ │                                                                                                │
                             │                                                                      │ │                                                                                                │
                             │                                                                      │ │                                                                                                │
                             │                                                                      │ │                                                                                                │
                             │                                                                      │ │                                                                                                │
                             │                                                                      │ │                                                                                                │
                             │                                                                      │ │                                                                                                │
                             │                                                                      │ │                                                                                                │
                             │                                                                      │ │                                                                                                │
                             │                                                                      │ │                                                                                                │
                             │                                                                      │ │                                                                                                │
                             │                                                                      │ │                                                                                                │
                             │                                                                      │ │                                                                                                │
                             │                                                                      │ │                                                                                                │
                             │                                                                      │ │                                                                                                │
                             │                                                                      │ │                                                                                                │
                             │                                                                      │ │                                                                                                │
                             │                                                                      │ │                                                                                                │
                             │                                                                      │ │                                                                                                │
 Local · 0 SSH hosts         ╰──────────────────────────────────────────────────────────────────────╯ ╰────────────────────────────────────────────────────────────────────────────────────────────────╯
 F1 Help                                                                                                                                                                                                
"
`;
